==============================================================================
BURST-SIZE SCALING vs n (absolute sweep-steps)
ref_multiple=3 restarts=2 per_magnitude=10 instances=2 target_wtd=90%
==============================================================================
  n= 10 done: 0=89%  5=94%  10=95%  20=96%  40=96%  80=100%  160=98%  240=100%  320=100%
  n= 20 done: 0=90%  5=92%  10=94%  20=98%  40=99%  80=99%  160=100%  240=100%  320=100%
  n= 40 done: 0=74%  5=79%  10=79%  20=91%  40=93%  80=97%  160=98%  240=99%  320=100%
  n= 80 done: 0=81%  5=86%  10=88%  20=90%  40=91%  80=92%  160=95%  240=97%  320=97%

Stakes-weighted ALL sign-agreement vs absolute burst steps:
   n      0      5     10     20     40     80    160    240    320
  10   89%   94%   95%   96%   96%  100%   98%  100%  100%
  20   90%   92%   94%   98%   99%   99%  100%  100%  100%
  40   74%   79%   79%   91%   93%   97%   98%   99%  100%
  80   81%   86%   88%   90%   91%   92%   95%   97%   97%

Unweighted ALL sign-agreement vs absolute burst steps:
   n      0      5     10     20     40     80    160    240    320
  10   81%   89%   92%   94%   95%  100%   98%  100%   99%
  20   83%   86%   88%   95%   96%   97%   98%   98%   98%
  40   68%   73%   74%   84%   87%   92%   94%   96%   97%
  80   73%   78%   81%   83%   84%   85%   90%   93%   93%

b*(n) = smallest absolute burst reaching stakes-weighted 90%:
   n      b*     b*/n   b*/sqrt(n)
  10       5     0.50         1.58
  20       5     0.25         1.12
  40      20     0.50         3.16
  80      20     0.25         2.24

  Read: whichever of b*/n or b*/sqrt(n) is ~flat across n is the scaling.
  Flat b* (both columns falling) => burst is ~constant in n.
